# Source: acme/templates/cert-manager-staging-issuer.yaml
apiVersion: cert-manager.io/v1alpha2
kind: Issuer
metadata:
  name: letsencrypt-staging
spec:
  acme:
    server: https://acme-staging-v02.api.letsencrypt.org/directory
    email: "someone@stagingdomain.com"
    # Name of a secret used to store the ACME account private key
    privateKeySecretRef:
      name: letsencrypt-staging
    solvers:
    - selector:
        dnsNames:
        - "*.stagingdomain.com"
        - "stagingdomain.com"
      # ACME DNS-01 provider configurations
      dns01:
        clouddns:
          # The project in which to update the DNS zone
          project: "123456789"
          # A secretKeyRef to a google cloud json service account
          serviceAccountSecretRef:
            name: external-dns-gcp-sa
            key: credentials.json
